[Thu, 23 Nov 2023 13:39:40] [INFO    ] [topostats] [io.py] [879] Extracting image from /Users/Maxgamill/Desktop/Uni/PhD/napari/clustered_cat.spm
[Thu, 23 Nov 2023 13:39:40] [INFO    ] [topostats] [io.py] [483] Loading image from : /Users/Maxgamill/Desktop/Uni/PhD/napari/clustered_cat.spm
[Thu, 23 Nov 2023 13:39:40] [INFO    ] [topostats] [io.py] [486] [clustered_cat] : Loaded image from : /Users/Maxgamill/Desktop/Uni/PhD/napari/clustered_cat.spm
[Thu, 23 Nov 2023 13:39:40] [INFO    ] [topostats] [io.py] [488] [clustered_cat] : Extracted channel Height
[Thu, 23 Nov 2023 13:39:40] [INFO    ] [topostats] [io.py] [530] [clustered_cat] : Pixel to nm scaling : 0.5859375
[Thu, 23 Nov 2023 13:39:40] [INFO    ] [topostats] [io.py] [909] [clustered_cat] Image added to processing.
[Thu, 23 Nov 2023 13:40:34] [INFO    ] [topostats] [io.py] [879] Extracting image from /Users/Maxgamill/Desktop/Uni/PhD/napari/argwhere.spm
[Thu, 23 Nov 2023 13:40:34] [INFO    ] [topostats] [io.py] [483] Loading image from : /Users/Maxgamill/Desktop/Uni/PhD/napari/argwhere.spm
[Thu, 23 Nov 2023 13:40:34] [INFO    ] [topostats] [io.py] [486] [argwhere] : Loaded image from : /Users/Maxgamill/Desktop/Uni/PhD/napari/argwhere.spm
[Thu, 23 Nov 2023 13:40:34] [INFO    ] [topostats] [io.py] [488] [argwhere] : Extracted channel Height
[Thu, 23 Nov 2023 13:40:34] [INFO    ] [topostats] [io.py] [530] [argwhere] : Pixel to nm scaling : 0.9765625
[Thu, 23 Nov 2023 13:40:34] [INFO    ] [topostats] [io.py] [909] [argwhere] Image added to processing.
[Thu, 23 Nov 2023 13:42:29] [INFO    ] [topostats] [io.py] [879] Extracting image from /Users/Maxgamill/Desktop/Uni/PhD/napari/argwhere.spm
[Thu, 23 Nov 2023 13:42:29] [INFO    ] [topostats] [io.py] [483] Loading image from : /Users/Maxgamill/Desktop/Uni/PhD/napari/argwhere.spm
[Thu, 23 Nov 2023 13:42:29] [INFO    ] [topostats] [io.py] [486] [argwhere] : Loaded image from : /Users/Maxgamill/Desktop/Uni/PhD/napari/argwhere.spm
[Thu, 23 Nov 2023 13:42:29] [INFO    ] [topostats] [io.py] [488] [argwhere] : Extracted channel Height
[Thu, 23 Nov 2023 13:42:29] [INFO    ] [topostats] [io.py] [530] [argwhere] : Pixel to nm scaling : 0.9765625
[Thu, 23 Nov 2023 13:42:29] [INFO    ] [topostats] [io.py] [909] [argwhere] Image added to processing.
[Thu, 23 Nov 2023 13:59:48] [INFO    ] [topostats] [io.py] [879] Extracting image from /Users/Maxgamill/Desktop/Uni/PhD/napari-TopoStats/cat.spm
[Thu, 23 Nov 2023 13:59:48] [INFO    ] [topostats] [io.py] [483] Loading image from : /Users/Maxgamill/Desktop/Uni/PhD/napari-TopoStats/cat.spm
[Thu, 23 Nov 2023 13:59:48] [INFO    ] [topostats] [io.py] [486] [cat] : Loaded image from : /Users/Maxgamill/Desktop/Uni/PhD/napari-TopoStats/cat.spm
[Thu, 23 Nov 2023 13:59:48] [INFO    ] [topostats] [io.py] [488] [cat] : Extracted channel Height
[Thu, 23 Nov 2023 13:59:48] [INFO    ] [topostats] [io.py] [530] [cat] : Pixel to nm scaling : 0.18124609375
[Thu, 23 Nov 2023 13:59:48] [INFO    ] [topostats] [io.py] [909] [cat] Image added to processing.
[Thu, 23 Nov 2023 13:59:56] [INFO    ] [topostats] [io.py] [879] Extracting image from /Users/Maxgamill/Desktop/Uni/PhD/napari-TopoStats/cat.spm
[Thu, 23 Nov 2023 13:59:56] [INFO    ] [topostats] [io.py] [483] Loading image from : /Users/Maxgamill/Desktop/Uni/PhD/napari-TopoStats/cat.spm
[Thu, 23 Nov 2023 13:59:56] [INFO    ] [topostats] [io.py] [486] [cat] : Loaded image from : /Users/Maxgamill/Desktop/Uni/PhD/napari-TopoStats/cat.spm
[Thu, 23 Nov 2023 13:59:56] [INFO    ] [topostats] [io.py] [488] [cat] : Extracted channel Height
[Thu, 23 Nov 2023 13:59:56] [INFO    ] [topostats] [io.py] [530] [cat] : Pixel to nm scaling : 0.18124609375
[Thu, 23 Nov 2023 13:59:56] [INFO    ] [topostats] [io.py] [909] [cat] Image added to processing.
